Microchip MPLAB XC8 Compiler V2.45

Linker command line:

-W-3 \
  --edf=C:\Program Files\Microchip\xc8\v2.45\pic\dat\20230818022343_en.msgs \
  -cn -h+dist/default/debug\Important_project.debug.sym \
  --cmf=dist/default/debug\Important_project.debug.cmf -z -Q18F4620 \
  -oC:\Users\ES-ISL~1\AppData\Local\Temp\xcAs98s.\driver_tmp_3.o \
  --defsym=__MPLAB_BUILD=1 --fixupoverflow=error \
  -Mdist/default/debug/Important_project.debug.map \
  --md=C:\Users\ES-ISL~1\AppData\Local\Temp\xcAs98s.\driver_tmp_0.dat -E1 \
  -ver=XC8 Compiler --acfsm=1493 -ACODE=00h-0FFFFh -ACONST=00h-0FFFFh \
  -ASMALLCONST=01000h-010FFhx240 -AMEDIUMCONST=01000h-0FFFFh \
  -ACOMRAM=01h-07Fh -AABS1=00h-0F7Fh -ABIGRAM=01h-0F7Fh \
  -ARAM=080h-0FFh,0100h-01FFhx14,0F00h-0F7Fh -ABANK0=080h-0FFh \
  -ABANK1=0100h-01FFh -ABANK2=0200h-02FFh -ABANK3=0300h-03FFh \
  -ABANK4=0400h-04FFh -ABANK5=0500h-05FFh -ABANK6=0600h-06FFh \
  -ABANK7=0700h-07FFh -ABANK8=0800h-08FFh -ABANK9=0900h-09FFh \
  -ABANK10=0A00h-0AFFh -ABANK11=0B00h-0BFFh -ABANK12=0C00h-0CFFh \
  -ABANK13=0D00h-0DFFh -ABANK14=0E00h-0EFFh -ABANK15=0F00h-0F7Fh \
  -ASFR=0F80h-0FFFh -ABIGSFR=0F80h-0FFFh -ACONFIG=0300000h-030000Dh \
  -AIDLOC=0200000h-0200007h -AEEDATA=0F00000h-0F003FFh -peeprom_data=EEDATA \
  -preset_vec=00h,intcode=08h,intcodelo=018h,powerup,init -pramtop=01000h \
  -psmallconst=SMALLCONST -pmediumconst=MEDIUMCONST -pconst=CONST \
  -AFARRAM=00h-00h \
  -prdata=COMRAM,nvrram=COMRAM,nvbit=COMRAM,rbss=COMRAM,rbit=COMRAM \
  -pfarbss=FARRAM,fardata=FARRAM,nvFARRAM=FARRAM \
  -pintsave_regs=BIGRAM,bigbss=BIGRAM,bigdata=BIGRAM -pbss=RAM \
  -pidata=CODE,irdata=CODE,ibigdata=CODE,ifardata=CODE -prparam=COMRAM \
  C:\Users\ES-ISL~1\AppData\Local\Temp\xcAs98s.\driver_tmp_9.o \
  dist/default/debug\Important_project.debug.o 

Object code version is 3.11

Machine type is 18F4620



                Name                               Link     Load   Length Selector   Space Scale
C:\Users\ES-ISL~1\AppData\Local\Temp\xcAs98s.\driver_tmp_9.o
                config                           300000   300000        E        0       4
                init                                1C0      1C0        4        C       0
                reset_vec                             0        0        4        0       0
dist/default/debug\Important_project.debug.o
                intcodelo                            18       18      1A8        C       0
                intcode                               8        8        6        4       0
                config                           300000   300000        E        0       4
                temp                                 58       58        1        1       1
                smallconst                         1000     1000       3E      800       0
                text74                             29C0     29C0       64      81F       0
                text73                             295C     295C       64      81F       0
                text72                             32F2     32F2       12     1717       0
                text71                             1D2E     1D2E       B6      81F       0
                text70                             1ADC     1ADC       D2      81F       0
                text69                             1850     1850       DC      81F       0
                text68                             2AE8     2AE8       62      81F       0
                text67                             2E2E     2E2E       4A     1717       0
                text66                             2D94     2D94       4E      81F       0
                text65                             2BA8     2BA8       5E      81F       0
                text64                             23AA     23AA       9E      81F       0
                text63                             3178     3178       32     1717       0
                text62                             2B4A     2B4A       5E      81F       0
                text61                             2F42     2F42       42     1717       0
                text60                             212A     212A       A2      81F       0
                text59                             2088     2088       A2      81F       0
                text58                             13AE     13AE      192      81F       0
                text57                             328A     328A       2C     1717       0
                text56                             3316     3316        2     1717       0
                text55                             325E     325E       2C     1717       0
                text54                             3232     3232       2C     1717       0
                text53                             3146     3146       32     1717       0
                text52                             3072     3072       3A     1717       0
                text51                             3038     3038       3A     1717       0
                text50                             31AA     31AA       30     1717       0
                intcode_body                       11F8     11F8      1B6      81F       0
                text48                             3314     3314        2     1717       0
                text47                             282E     282E       66      81F       0
                text46                             27C8     27C8       66      81F       0
                text45                             32E0     32E0       12     1717       0
                text44                             1C74     1C74       BA      81F       0
                text43                             1A04     1A04       D8      81F       0
                text42                             1768     1768       E8      81F       0
                text41                             262E     262E       68      81F       0
                text40                             2D46     2D46       4E      81F       0
                text39                             2C58     2C58       52      81F       0
                text38                             28F8     28F8       64      81F       0
                text37                             226C     226C       A0      81F       0
                text36                             30E0     30E0       34     1717       0
                text35                             1F3E     1F3E       A6      81F       0
                text34                             1E98     1E98       A6      81F       0
                text33                             2A86     2A86       62      81F       0
                text32                             2EBC     2EBC       44     1717       0
                text31                             103E     103E      1BA      81F       0
                text30                             3206     3206       2C     1717       0
                text29                             31DA     31DA       2C     1717       0
                text28                             30AC     30AC       34     1717       0
                text27                             2FFC     2FFC       3C     1717       0
                text26                             2FC0     2FC0       3C     1717       0
                text25                             3114     3114       32     1717       0
                text23                             1540     1540      11E      81F       0
                text22                             192C     192C       D8      81F       0
                text21                             24D2     24D2       84      81F       0
                text20                             2556     2556       70      81F       0
                text19                             25C6     25C6       68      81F       0
                text18                             2CF8     2CF8       4E      81F       0
                text17                             2894     2894       64      81F       0
                text16                             165E     165E      10A      81F       0
                text15                             1FE4     1FE4       A4      81F       0
                text14                             32B6     32B6       2A     1717       0
                text13                             2762     2762       66      81F       0
                text12                             26FC     26FC       66      81F       0
                text11                             1BAE     1BAE       C6      81F       0
                text10                             2696     2696       66      81F       0
                text9                              2448     2448       8A      81F       0
                text8                              230C     230C       9E      81F       0
                text7                              1DE4     1DE4       B4      81F       0
                text6                              2F84     2F84       3C     1717       0
                text5                              3304     3304       10     1717       0
                text4                              2C06     2C06       52      81F       0
                text3                              2A24     2A24       62      81F       0
                text2                              21CC     21CC       A0      81F       0
                text1                              2E78     2E78       44     1717       0
                text0                              2CAA     2CAA       4E      81F       0
                cstackCOMRAM                         2F       2F       29        1       1
                cstackBANK0                          CB       CB       1C       80       1
                cstackBANK1                         100      100       2B      100       1
                dataBANK0                            80       80       4B       80       1
                bssBANK0                             E7       E7       18       80       1
                bssCOMRAM                             1        1       2E        1       1
                cinit                              2F00     2F00       42     1717       0
                idataBANK0                         2DE2     2DE2       4B      81F       0

TOTAL           Name                               Link     Load   Length     Space
        CLASS   CODE           
                intcodelo                            18       18      1A8         0
                intcode                               8        8        6         0
                init                                1C0      1C0        4         0
                reset_vec                             0        0        4         0
                text74                             29C0     29C0       64         0
                text73                             295C     295C       64         0
                text72                             32F2     32F2       12         0
                text71                             1D2E     1D2E       B6         0
                text70                             1ADC     1ADC       D2         0
                text69                             1850     1850       DC         0
                text68                             2AE8     2AE8       62         0
                text67                             2E2E     2E2E       4A         0
                text66                             2D94     2D94       4E         0
                text65                             2BA8     2BA8       5E         0
                text64                             23AA     23AA       9E         0
                text63                             3178     3178       32         0
                text62                             2B4A     2B4A       5E         0
                text61                             2F42     2F42       42         0
                text60                             212A     212A       A2         0
                text59                             2088     2088       A2         0
                text58                             13AE     13AE      192         0
                text57                             328A     328A       2C         0
                text56                             3316     3316        2         0
                text55                             325E     325E       2C         0
                text54                             3232     3232       2C         0
                text53                             3146     3146       32         0
                text52                             3072     3072       3A         0
                text51                             3038     3038       3A         0
                text50                             31AA     31AA       30         0
                intcode_body                       11F8     11F8      1B6         0
                text48                             3314     3314        2         0
                text47                             282E     282E       66         0
                text46                             27C8     27C8       66         0
                text45                             32E0     32E0       12         0
                text44                             1C74     1C74       BA         0
                text43                             1A04     1A04       D8         0
                text42                             1768     1768       E8         0
                text41                             262E     262E       68         0
                text40                             2D46     2D46       4E         0
                text39                             2C58     2C58       52         0
                text38                             28F8     28F8       64         0
                text37                             226C     226C       A0         0
                text36                             30E0     30E0       34         0
                text35                             1F3E     1F3E       A6         0
                text34                             1E98     1E98       A6         0
                text33                             2A86     2A86       62         0
                text32                             2EBC     2EBC       44         0
                text31                             103E     103E      1BA         0
                text30                             3206     3206       2C         0
                text29                             31DA     31DA       2C         0
                text28                             30AC     30AC       34         0
                text27                             2FFC     2FFC       3C         0
                text26                             2FC0     2FC0       3C         0
                text25                             3114     3114       32         0
                text23                             1540     1540      11E         0
                text22                             192C     192C       D8         0
                text21                             24D2     24D2       84         0
                text20                             2556     2556       70         0
                text19                             25C6     25C6       68         0
                text18                             2CF8     2CF8       4E         0
                text17                             2894     2894       64         0
                text16                             165E     165E      10A         0
                text15                             1FE4     1FE4       A4         0
                text14                             32B6     32B6       2A         0
                text13                             2762     2762       66         0
                text12                             26FC     26FC       66         0
                text11                             1BAE     1BAE       C6         0
                text10                             2696     2696       66         0
                text9                              2448     2448       8A         0
                text8                              230C     230C       9E         0
                text7                              1DE4     1DE4       B4         0
                text6                              2F84     2F84       3C         0
                text5                              3304     3304       10         0
                text4                              2C06     2C06       52         0
                text3                              2A24     2A24       62         0
                text2                              21CC     21CC       A0         0
                text1                              2E78     2E78       44         0
                text0                              2CAA     2CAA       4E         0
                cinit                              2F00     2F00       42         0
                idataBANK0                         2DE2     2DE2       4B         0

        CLASS   CONST          

        CLASS   SMALLCONST     
                smallconst                         1000     1000       3E         0

        CLASS   MEDIUMCONST    

        CLASS   COMRAM         
                temp                                 58       58        1         1
                cstackCOMRAM                         2F       2F       29         1
                bssCOMRAM                             1        1       2E         1

        CLASS   ABS1           

        CLASS   BIGRAM         

        CLASS   RAM            

        CLASS   BANK0          
                cstackBANK0                          CB       CB       1C         1
                dataBANK0                            80       80       4B         1
                bssBANK0                             E7       E7       18         1

        CLASS   BANK1          
                cstackBANK1                         100      100       2B         1

        CLASS   BANK2          

        CLASS   BANK3          

        CLASS   BANK4          

        CLASS   BANK5          

        CLASS   BANK6          

        CLASS   BANK7          

        CLASS   BANK8          

        CLASS   BANK9          

        CLASS   BANK10         

        CLASS   BANK11         

        CLASS   BANK12         

        CLASS   BANK13         

        CLASS   BANK14         

        CLASS   BANK15         

        CLASS   SFR            

        CLASS   BIGSFR         

        CLASS   CONFIG         
                config                           300000   300000        E         4

        CLASS   IDLOC          

        CLASS   EEDATA         

        CLASS   FARRAM         

        CLASS   HEAP           

        CLASS   STACK          



SEGMENTS        Name                           Load    Length   Top    Selector   Space  Class

                reset_vec                      000000  000004  000004         0       0  CODE    
                bssCOMRAM                      000001  000058  000059         1       1  COMRAM  
                intcode                        000008  000006  00000E         4       0  CODE    
                intcodelo                      000018  0001AC  0001C4         C       0  CODE    
                dataBANK0                      000080  00007F  0000FF        80       1  BANK0   
                cstackBANK1                    000100  00002B  00012B       100       1  BANK1   
                smallconst                     001000  00003E  00103E       800       0  SMALLCON
                text31                         00103E  001DEF  002E2D       81F       0  CODE    
                text67                         002E2E  0004EA  003318      1717       0  CODE    


UNUSED ADDRESS RANGES

        Name                Unused          Largest block    Delta
        BANK0            0000FF-0000FF                1
        BANK1            00012B-0001FF               D5
        BANK10           000A00-000AFF              100
        BANK11           000B00-000BFF              100
        BANK12           000C00-000CFF              100
        BANK13           000D00-000DFF              100
        BANK14           000E00-000EFF              100
        BANK15           000F00-000F7F               80
        BANK2            000200-0002FF              100
        BANK3            000300-0003FF              100
        BANK4            000400-0004FF              100
        BANK5            000500-0005FF              100
        BANK6            000600-0006FF              100
        BANK7            000700-0007FF              100
        BANK8            000800-0008FF              100
        BANK9            000900-0009FF              100
        BIGRAM           000059-00007F               27
                         0000FF-0000FF                1
                         00012B-000F7F              E55
        BIGSFR           000F80-000FFF               80
        CODE             000004-000007                4
                         00000E-000017                A
                         0001C4-000FFF              E3C
                         002E2D-002E2D                1
                         003318-00FFFF             CCE8
        COMRAM           000059-00007F               27
        CONST            000004-000007                4
                         00000E-000017                A
                         0001C4-000FFF              E3C
                         002E2D-002E2D                1
                         003318-00FFFF             CCE8
        EEDATA           F00000-F003FF              400
        IDLOC            200000-200007                8
        MEDIUMCONST      002E2D-002E2D                1
                         003318-00FFFF             CCE8
        RAM              0000FF-0000FF                1
                         00012B-000F7F              100
        SFR              000F80-000FFF               80
        SMALLCONST       002E2D-002E2D                1
                         003318-00FFFF              100

                                  Symbol Table

Interrupt_INTx_Clear_Flag@int_obj             cstackBANK1  00010F
Interrupt_INTx_DeInit@int_obj                 cstackBANK0  0000CE
Interrupt_INTx_Disable@int_obj                cstackBANK1  00010F
Interrupt_INTx_Edge_Set@int_obj               cstackBANK1  00010F
Interrupt_INTx_Enable@int_obj                 cstackBANK1  00010F
Interrupt_INTx_Handler_Set@int_obj            cstackBANK1  00010F
Interrupt_INTx_Init@int_obj                   cstackBANK1  00011E
Interrupt_INTx_Pin_Configure@int_obj          cstackBANK1  00011A
Interrupt_INTx_Pin_Configure@pin              cstackBANK1  00011D
Interrupt_INTx_Priority_Set@int_obj           cstackBANK1  00010F
_ADCON0bits                                   (abs)        000FC2
_ADCON1bits                                   (abs)        000FC1
_ADCON2bits                                   (abs)        000FC0
_ADC_INTERRUPT_ISR                            text48       003314
_ADC_InterruptHandler                         bssCOMRAM    000015
_ADRESH                                       (abs)        000FC4
_ADRESL                                       (abs)        000FC3
_ECU_layer_initialize                         text14       0032B6
_EEADR                                        (abs)        000FA9
_EEADRH                                       (abs)        000FAA
_EECON1bits                                   (abs)        000FA6
_EECON2                                       (abs)        000FA7
_EEDATA                                       (abs)        000FA8
_INT0_ISR                                     text57       00328A
_INT0_InterruptHandler                        bssCOMRAM    000013
_INT1_ISR                                     text30       003206
_INT1_InterruptHandler                        bssCOMRAM    000011
_INT2_ISR                                     text29       0031DA
_INT2_InterruptHandler                        bssCOMRAM    00000F
_INTCON2bits                                  (abs)        000FF1
_INTCON3bits                                  (abs)        000FF0
_INTCONbits                                   (abs)        000FF2
_IPR1bits                                     (abs)        000F9F
_ISR_HIGH                                     intcode      000008
_ISR_LOW                                      intcodelo    000018
_Interrupt                                    dataBANK0    0000C4
_Interrupt_INTx_Clear_Flag                    text13       002762
_Interrupt_INTx_DeInit                        text45       0032E0
_Interrupt_INTx_Disable                       text12       0026FC
_Interrupt_INTx_Edge_Set                      text11       001BAE
_Interrupt_INTx_Enable                        text10       002696
_Interrupt_INTx_Handler_Set                   text9        002448
_Interrupt_INTx_Init                          text6        002F84
_Interrupt_INTx_Pin_Configure                 text8        00230C
_Interrupt_INTx_Priority_Set                  text7        001DE4
_LATA                                         (abs)        000F89
_LATB                                         (abs)        000F8A
_LATC                                         (abs)        000F8B
_LATD                                         (abs)        000F8C
_LATE                                         (abs)        000F8D
_LAT_REG                                      dataBANK0    00009A
_PIE1bits                                     (abs)        000F9D
_PIR1bits                                     (abs)        000F9E
_PORTA                                        (abs)        000F80
_PORTB                                        (abs)        000F81
_PORTBbits                                    (abs)        000F81
_PORTC                                        (abs)        000F82
_PORTD                                        (abs)        000F83
_PORTE                                        (abs)        000F84
_PORT_REG                                     dataBANK0    0000A4
_RB4_ISR                                      text28       0030AC
_RB5_ISR                                      text27       002FFC
_RB6_ISR                                      text26       002FC0
_RB7_ISR                                      text25       003114
_RBx4_InterruptHandler_HIGH                   bssCOMRAM    00000D
_RBx4_InterruptHandler_LOW                    bssCOMRAM    00000B
_RBx5_InterruptHandler_HIGH                   bssCOMRAM    000009
_RBx5_InterruptHandler_LOW                    bssCOMRAM    000007
_RBx6_InterruptHandler_HIGH                   bssCOMRAM    000005
_RBx6_InterruptHandler_LOW                    bssCOMRAM    000003
_RBx7_InterruptHandler_HIGH                   bssCOMRAM    000001
_RBx7_InterruptHandler_LOW                    bssBANK0     0000FC
_RCONbits                                     (abs)        000FD0
_TRISA                                        (abs)        000F92
_TRISB                                        (abs)        000F93
_TRISC                                        (abs)        000F94
_TRISD                                        (abs)        000F95
_TRISE                                        (abs)        000F96
_TRIS_REG                                     dataBANK0    000090
__HRAM                                        (abs)        000000
__H__absolute__                               __absolute__ 000000
__Habs1                                       abs1         000000
__Hbank0                                      bank0        000000
__Hbank1                                      bank1        000000
__Hbank10                                     bank10       000000
__Hbank11                                     bank11       000000
__Hbank12                                     bank12       000000
__Hbank13                                     bank13       000000
__Hbank14                                     bank14       000000
__Hbank15                                     bank15       000000
__Hbank2                                      bank2        000000
__Hbank3                                      bank3        000000
__Hbank4                                      bank4        000000
__Hbank5                                      bank5        000000
__Hbank6                                      bank6        000000
__Hbank7                                      bank7        000000
__Hbank8                                      bank8        000000
__Hbank9                                      bank9        000000
__Hbigbss                                     bigbss       000000
__Hbigdata                                    bigdata      000000
__Hbigram                                     bigram       000000
__Hbigsfr                                     bigsfr       000000
__Hbss                                        bss          000000
__HbssBANK0                                   bssBANK0     000000
__HbssCOMRAM                                  bssCOMRAM    000000
__Hcinit                                      cinit        000000
__Hclrtext                                    clrtext      000000
__Hcomram                                     comram       000000
__Hconfig                                     config       30000E
__Hconst                                      const        000000
__HcstackBANK0                                cstackBANK0  000000
__HcstackBANK1                                cstackBANK1  000000
__HcstackCOMRAM                               cstackCOMRAM 000000
__Hdata                                       data         000000
__HdataBANK0                                  dataBANK0    000000
__Heeprom_data                                eeprom_data  000000
__Hfarbss                                     farbss       000000
__Hfardata                                    fardata      000000
__Hheap                                       heap         000000
__Hibigdata                                   ibigdata     000000
__Hidata                                      idata        000000
__HidataBANK0                                 idataBANK0   000000
__Hidloc                                      idloc        000000
__Hifardata                                   ifardata     000000
__Hinit                                       init         0001C4
__Hintcode                                    intcode      00000E
__Hintcode_body                               intcode_body 000000
__Hintcodelo                                  intcodelo    0001C0
__Hintentry                                   intentry     000000
__Hintret                                     intret       000000
__Hintsave_regs                               intsave_regs 000000
__Hirdata                                     irdata       000000
__Hmediumconst                                mediumconst  000000
__HnvFARRAM                                   nvFARRAM     000000
__Hnvbit                                      nvbit        000000
__Hnvrram                                     nvrram       000000
__Hparam                                      rparam       000000
__Hpowerup                                    powerup      0001C0
__Hram                                        ram          000000
__Hramtop                                     ramtop       001000
__Hrbit                                       rbit         000000
__Hrbss                                       rbss         000000
__Hrdata                                      rdata        000000
__Hreset_vec                                  reset_vec    000004
__Hrparam                                     rparam       000000
__Hsfr                                        sfr          000000
__Hsmallconst                                 smallconst   00103E
__Hspace_0                                    (abs)        003318
__Hspace_1                                    (abs)        00012B
__Hspace_2                                    (abs)        000000
__Hspace_4                                    (abs)        60000E
__Hstack                                      stack        000000
__Hstruct                                     struct       000000
__Htemp                                       temp         000059
__Htext                                       text         000000
__Htext0                                      text0        000000
__Htext1                                      text1        000000
__Htext10                                     text10       000000
__Htext11                                     text11       000000
__Htext12                                     text12       000000
__Htext13                                     text13       000000
__Htext14                                     text14       000000
__Htext15                                     text15       000000
__Htext16                                     text16       000000
__Htext17                                     text17       000000
__Htext18                                     text18       000000
__Htext19                                     text19       000000
__Htext2                                      text2        000000
__Htext20                                     text20       000000
__Htext21                                     text21       000000
__Htext22                                     text22       000000
__Htext23                                     text23       000000
__Htext25                                     text25       000000
__Htext26                                     text26       000000
__Htext27                                     text27       000000
__Htext28                                     text28       000000
__Htext29                                     text29       000000
__Htext3                                      text3        000000
__Htext30                                     text30       000000
__Htext31                                     text31       000000
__Htext32                                     text32       000000
__Htext33                                     text33       000000
__Htext34                                     text34       000000
__Htext35                                     text35       000000
__Htext36                                     text36       000000
__Htext37                                     text37       000000
__Htext38                                     text38       000000
__Htext39                                     text39       000000
__Htext4                                      text4        000000
__Htext40                                     text40       000000
__Htext41                                     text41       000000
__Htext42                                     text42       000000
__Htext43                                     text43       000000
__Htext44                                     text44       000000
__Htext45                                     text45       000000
__Htext46                                     text46       000000
__Htext47                                     text47       000000
__Htext48                                     text48       000000
__Htext5                                      text5        000000
__Htext50                                     text50       000000
__Htext51                                     text51       000000
__Htext52                                     text52       000000
__Htext53                                     text53       000000
__Htext54                                     text54       000000
__Htext55                                     text55       000000
__Htext56                                     text56       000000
__Htext57                                     text57       000000
__Htext58                                     text58       000000
__Htext59                                     text59       000000
__Htext6                                      text6        000000
__Htext60                                     text60       000000
__Htext61                                     text61       000000
__Htext62                                     text62       000000
__Htext63                                     text63       000000
__Htext64                                     text64       000000
__Htext65                                     text65       000000
__Htext66                                     text66       000000
__Htext67                                     text67       000000
__Htext68                                     text68       000000
__Htext69                                     text69       000000
__Htext7                                      text7        000000
__Htext70                                     text70       000000
__Htext71                                     text71       000000
__Htext72                                     text72       000000
__Htext73                                     text73       000000
__Htext74                                     text74       000000
__Htext75                                     text75       000000
__Htext8                                      text8        000000
__Htext9                                      text9        000000
__LRAM                                        (abs)        000001
__L__absolute__                               __absolute__ 000000
__Labs1                                       abs1         000000
__Lbank0                                      bank0        000000
__Lbank1                                      bank1        000000
__Lbank10                                     bank10       000000
__Lbank11                                     bank11       000000
__Lbank12                                     bank12       000000
__Lbank13                                     bank13       000000
__Lbank14                                     bank14       000000
__Lbank15                                     bank15       000000
__Lbank2                                      bank2        000000
__Lbank3                                      bank3        000000
__Lbank4                                      bank4        000000
__Lbank5                                      bank5        000000
__Lbank6                                      bank6        000000
__Lbank7                                      bank7        000000
__Lbank8                                      bank8        000000
__Lbank9                                      bank9        000000
__Lbigbss                                     bigbss       000000
__Lbigdata                                    bigdata      000000
__Lbigram                                     bigram       000000
__Lbigsfr                                     bigsfr       000000
__Lbss                                        bss          000000
__LbssBANK0                                   bssBANK0     000000
__LbssCOMRAM                                  bssCOMRAM    000000
__Lcinit                                      cinit        000000
__Lclrtext                                    clrtext      000000
__Lcomram                                     comram       000000
__Lconfig                                     config       000000
__Lconst                                      const        000000
__LcstackBANK0                                cstackBANK0  000000
__LcstackBANK1                                cstackBANK1  000000
__LcstackCOMRAM                               cstackCOMRAM 000000
__Ldata                                       data         000000
__LdataBANK0                                  dataBANK0    000000
__Leeprom_data                                eeprom_data  000000
__Lfarbss                                     farbss       000000
__Lfardata                                    fardata      000000
__Lheap                                       heap         000000
__Libigdata                                   ibigdata     000000
__Lidata                                      idata        000000
__LidataBANK0                                 idataBANK0   000000
__Lidloc                                      idloc        000000
__Lifardata                                   ifardata     000000
__Linit                                       init         0001C0
__Lintcode                                    intcode      000008
__Lintcode_body                               intcode_body 000000
__Lintcodelo                                  intcodelo    000018
__Lintentry                                   intentry     000000
__Lintret                                     intret       000000
__Lintsave_regs                               intsave_regs 000000
__Lirdata                                     irdata       000000
__Lmediumconst                                mediumconst  000000
__LnvFARRAM                                   nvFARRAM     000000
__Lnvbit                                      nvbit        000000
__Lnvrram                                     nvrram       000000
__Lparam                                      rparam       000000
__Lpowerup                                    powerup      0001C0
__Lram                                        ram          000000
__Lramtop                                     ramtop       001000
__Lrbit                                       rbit         000000
__Lrbss                                       rbss         000000
__Lrdata                                      rdata        000000
__Lreset_vec                                  reset_vec    000000
__Lrparam                                     rparam       000000
__Lsfr                                        sfr          000000
__Lsmallconst                                 smallconst   001000
__Lspace_0                                    (abs)        000000
__Lspace_1                                    (abs)        000000
__Lspace_2                                    (abs)        000000
__Lspace_4                                    (abs)        000000
__Lstack                                      stack        000000
__Lstruct                                     struct       000000
__Ltemp                                       temp         000058
__Ltext                                       text         000000
__Ltext0                                      text0        000000
__Ltext1                                      text1        000000
__Ltext10                                     text10       000000
__Ltext11                                     text11       000000
__Ltext12                                     text12       000000
__Ltext13                                     text13       000000
__Ltext14                                     text14       000000
__Ltext15                                     text15       000000
__Ltext16                                     text16       000000
__Ltext17                                     text17       000000
__Ltext18                                     text18       000000
__Ltext19                                     text19       000000
__Ltext2                                      text2        000000
__Ltext20                                     text20       000000
__Ltext21                                     text21       000000
__Ltext22                                     text22       000000
__Ltext23                                     text23       000000
__Ltext25                                     text25       000000
__Ltext26                                     text26       000000
__Ltext27                                     text27       000000
__Ltext28                                     text28       000000
__Ltext29                                     text29       000000
__Ltext3                                      text3        000000
__Ltext30                                     text30       000000
__Ltext31                                     text31       000000
__Ltext32                                     text32       000000
__Ltext33                                     text33       000000
__Ltext34                                     text34       000000
__Ltext35                                     text35       000000
__Ltext36                                     text36       000000
__Ltext37                                     text37       000000
__Ltext38                                     text38       000000
__Ltext39                                     text39       000000
__Ltext4                                      text4        000000
__Ltext40                                     text40       000000
__Ltext41                                     text41       000000
__Ltext42                                     text42       000000
__Ltext43                                     text43       000000
__Ltext44                                     text44       000000
__Ltext45                                     text45       000000
__Ltext46                                     text46       000000
__Ltext47                                     text47       000000
__Ltext48                                     text48       000000
__Ltext5                                      text5        000000
__Ltext50                                     text50       000000
__Ltext51                                     text51       000000
__Ltext52                                     text52       000000
__Ltext53                                     text53       000000
__Ltext54                                     text54       000000
__Ltext55                                     text55       000000
__Ltext56                                     text56       000000
__Ltext57                                     text57       000000
__Ltext58                                     text58       000000
__Ltext59                                     text59       000000
__Ltext6                                      text6        000000
__Ltext60                                     text60       000000
__Ltext61                                     text61       000000
__Ltext62                                     text62       000000
__Ltext63                                     text63       000000
__Ltext64                                     text64       000000
__Ltext65                                     text65       000000
__Ltext66                                     text66       000000
__Ltext67                                     text67       000000
__Ltext68                                     text68       000000
__Ltext69                                     text69       000000
__Ltext7                                      text7        000000
__Ltext70                                     text70       000000
__Ltext71                                     text71       000000
__Ltext72                                     text72       000000
__Ltext73                                     text73       000000
__Ltext74                                     text74       000000
__Ltext75                                     text75       000000
__Ltext8                                      text8        000000
__Ltext9                                      text9        000000
__S0                                          (abs)        003318
__S1                                          (abs)        00012B
__S4                                          (abs)        000000
__S5                                          (abs)        000000
___heap_hi                                    (abs)        000000
___heap_lo                                    (abs)        000000
___inthi_sp                                   stack        000000
___inthi_stack_hi                             stack        000000
___inthi_stack_lo                             stack        000000
___intlo_sp                                   stack        000000
___intlo_stack_hi                             stack        000000
___intlo_stack_lo                             stack        000000
___param_bank                                 (abs)        000000
___rparam_used                                (abs)        000001
___sp                                         stack        000000
___stack_hi                                   stack        000000
___stack_lo                                   stack        000000
__accesstop                                   (abs)        000080
__activetblptr                                (abs)        000003
__end_of_ADC_INTERRUPT_ISR                    text48       003316
__end_of_ECU_layer_initialize                 text14       0032E0
__end_of_INT0_ISR                             text57       0032B6
__end_of_INT1_ISR                             text30       003232
__end_of_INT2_ISR                             text29       003206
__end_of_ISR_HIGH                             intcode_body 0013AE
__end_of_ISR_LOW                              intcodelo    0001C0
__end_of_Interrupt_INTx_Clear_Flag            text13       0027C8
__end_of_Interrupt_INTx_DeInit                text45       0032F2
__end_of_Interrupt_INTx_Disable               text12       002762
__end_of_Interrupt_INTx_Edge_Set              text11       001C74
__end_of_Interrupt_INTx_Enable                text10       0026FC
__end_of_Interrupt_INTx_Handler_Set           text9        0024D2
__end_of_Interrupt_INTx_Init                  text6        002FC0
__end_of_Interrupt_INTx_Pin_Configure         text8        0023AA
__end_of_Interrupt_INTx_Priority_Set          text7        001E98
__end_of_RB4_ISR                              text28       0030E0
__end_of_RB5_ISR                              text27       003038
__end_of_RB6_ISR                              text26       002FFC
__end_of_RB7_ISR                              text25       003146
__end_of__initialization                      cinit        002F38
__end_of_app_isr                              text31       0011F8
__end_of_application_initialize               text5        003314
__end_of_gpio_pin_direction_initialize        text23       00165E
__end_of_gpio_pin_initialize                  text21       002556
__end_of_gpio_pin_read                        text44       001D2E
__end_of_gpio_pin_write                       text22       001A04
__end_of_keypad_get_value                     text42       001850
__end_of_keypad_initialize                    text20       0025C6
__end_of_lcd_4bit_initialize                  text16       001768
__end_of_lcd_4bit_send_command                text17       0028F8
__end_of_lcd_4bit_send_data                   text4        002C58
__end_of_lcd_4bit_send_data_at_position       text36       003114
__end_of_lcd_4bit_send_string                 text3        002A86
__end_of_lcd_4bit_send_string_at_position     text1        002EBC
__end_of_lcd_send_4bits_data_command          text19       00262E
__end_of_lcd_send_enable_4bit                 text18       002D46
__end_of_lcd_set_cursor_4bit                  text2        00226C
__end_of_led_initialize                       text15       002088
__end_of_led_turn_off                         text35       001FE4
__end_of_led_turn_on                          text34       001F3E
__end_of_main                                 text0        002CF8
__end_ofi1_Interrupt_INTx_Clear_Flag          text47       002894
__end_ofi1_Interrupt_INTx_Disable             text46       00282E
__end_ofi1_gpio_pin_write                     text43       001ADC
__end_ofi1_lcd_4bit_send_command              text38       00295C
__end_ofi1_lcd_4bit_send_data                 text39       002CAA
__end_ofi1_lcd_4bit_send_string               text33       002AE8
__end_ofi1_lcd_4bit_send_string_at_position   text32       002F00
__end_ofi1_lcd_send_4bits_data_command        text41       002696
__end_ofi1_lcd_send_enable_4bit               text40       002D94
__end_ofi1_lcd_set_cursor_4bit                text37       00230C
__end_ofi2_ADC_INTERRUPT_ISR                  text56       003318
__end_ofi2_INT1_ISR                           text55       00328A
__end_ofi2_INT2_ISR                           text54       00325E
__end_ofi2_Interrupt_INTx_Clear_Flag          text74       002A24
__end_ofi2_Interrupt_INTx_DeInit              text72       003304
__end_ofi2_Interrupt_INTx_Disable             text73       0029C0
__end_ofi2_RB4_ISR                            text53       003178
__end_ofi2_RB5_ISR                            text52       0030AC
__end_ofi2_RB6_ISR                            text51       003072
__end_ofi2_RB7_ISR                            text50       0031DA
__end_ofi2_app_isr                            text58       001540
__end_ofi2_gpio_pin_read                      text71       001DE4
__end_ofi2_gpio_pin_write                     text70       001BAE
__end_ofi2_keypad_get_value                   text69       00192C
__end_ofi2_lcd_4bit_send_command              text65       002C06
__end_ofi2_lcd_4bit_send_data                 text66       002DE2
__end_ofi2_lcd_4bit_send_data_at_position     text63       0031AA
__end_ofi2_lcd_4bit_send_string               text62       002BA8
__end_ofi2_lcd_4bit_send_string_at_position   text61       002F84
__end_ofi2_lcd_send_4bits_data_command        text68       002B4A
__end_ofi2_lcd_send_enable_4bit               text67       002E78
__end_ofi2_lcd_set_cursor_4bit                text64       002448
__end_ofi2_led_turn_off                       text60       0021CC
__end_ofi2_led_turn_on                        text59       00212A
__initialization                              cinit        002F00
__mediumconst                                 mediumconst  000000
__pbssBANK0                                   bssBANK0     0000E7
__pbssCOMRAM                                  bssCOMRAM    000001
__pcinit                                      cinit        002F00
__pcstackBANK0                                cstackBANK0  0000CB
__pcstackBANK1                                cstackBANK1  000100
__pcstackCOMRAM                               cstackCOMRAM 00002F
__pdataBANK0                                  dataBANK0    000080
__pidataBANK0                                 idataBANK0   002DE2
__pintcode                                    intcode      000008
__pintcode_body                               intcode_body 0011F8
__pintcodelo                                  intcodelo    000018
__psmallconst                                 smallconst   001000
__ptext0                                      text0        002CAA
__ptext1                                      text1        002E78
__ptext10                                     text10       002696
__ptext11                                     text11       001BAE
__ptext12                                     text12       0026FC
__ptext13                                     text13       002762
__ptext14                                     text14       0032B6
__ptext15                                     text15       001FE4
__ptext16                                     text16       00165E
__ptext17                                     text17       002894
__ptext18                                     text18       002CF8
__ptext19                                     text19       0025C6
__ptext2                                      text2        0021CC
__ptext20                                     text20       002556
__ptext21                                     text21       0024D2
__ptext22                                     text22       00192C
__ptext23                                     text23       001540
__ptext25                                     text25       003114
__ptext26                                     text26       002FC0
__ptext27                                     text27       002FFC
__ptext28                                     text28       0030AC
__ptext29                                     text29       0031DA
__ptext3                                      text3        002A24
__ptext30                                     text30       003206
__ptext31                                     text31       00103E
__ptext32                                     text32       002EBC
__ptext33                                     text33       002A86
__ptext34                                     text34       001E98
__ptext35                                     text35       001F3E
__ptext36                                     text36       0030E0
__ptext37                                     text37       00226C
__ptext38                                     text38       0028F8
__ptext39                                     text39       002C58
__ptext4                                      text4        002C06
__ptext40                                     text40       002D46
__ptext41                                     text41       00262E
__ptext42                                     text42       001768
__ptext43                                     text43       001A04
__ptext44                                     text44       001C74
__ptext45                                     text45       0032E0
__ptext46                                     text46       0027C8
__ptext47                                     text47       00282E
__ptext48                                     text48       003314
__ptext5                                      text5        003304
__ptext50                                     text50       0031AA
__ptext51                                     text51       003038
__ptext52                                     text52       003072
__ptext53                                     text53       003146
__ptext54                                     text54       003232
__ptext55                                     text55       00325E
__ptext56                                     text56       003316
__ptext57                                     text57       00328A
__ptext58                                     text58       0013AE
__ptext59                                     text59       002088
__ptext6                                      text6        002F84
__ptext60                                     text60       00212A
__ptext61                                     text61       002F42
__ptext62                                     text62       002B4A
__ptext63                                     text63       003178
__ptext64                                     text64       0023AA
__ptext65                                     text65       002BA8
__ptext66                                     text66       002D94
__ptext67                                     text67       002E2E
__ptext68                                     text68       002AE8
__ptext69                                     text69       001850
__ptext7                                      text7        001DE4
__ptext70                                     text70       001ADC
__ptext71                                     text71       001D2E
__ptext72                                     text72       0032F2
__ptext73                                     text73       00295C
__ptext74                                     text74       0029C0
__ptext75                                     text75       000000
__ptext8                                      text8        00230C
__ptext9                                      text9        002448
__ramtop                                      ramtop       001000
__smallconst                                  smallconst   001000
_app_isr                                      text31       00103E
_app_isr$intlevel1                            text31       001048
_application_initialize                       text5        003304
_array                                        dataBANK0    0000AE
_counter                                      bssCOMRAM    000017
_gpio_pin_direction_initialize                text23       001540
_gpio_pin_initialize                          text21       0024D2
_gpio_pin_read                                text44       001C74
_gpio_pin_write                               text22       00192C
_keyPad                                       dataBANK0    0000B6
_keypad_get_value                             text42       001768
_keypad_initialize                            text20       002556
_lcd                                          dataBANK0    0000BE
_lcd_4bit_initialize                          text16       00165E
_lcd_4bit_send_command                        text17       002894
_lcd_4bit_send_data                           text4        002C06
_lcd_4bit_send_data_at_position               text36       0030E0
_lcd_4bit_send_string                         text3        002A24
_lcd_4bit_send_string_at_position             text1        002E78
_lcd_send_4bits_data_command                  text19       0025C6
_lcd_send_enable_4bit                         text18       002CF8
_lcd_set_cursor_4bit                          text2        0021CC
_led_green                                    dataBANK0    0000C9
_led_initialize                               text15       001FE4
_led_red                                      dataBANK0    0000CA
_led_turn_off                                 text35       001F3E
_led_turn_on                                  text34       001E98
_main                                         text0        002CAA
_matrix                                       dataBANK0    000080
_password                                     dataBANK0    0000B2
_portb_prev                                   bssCOMRAM    000019
_x                                            bssCOMRAM    00002E
_y                                            bssCOMRAM    000018
btemp                                         temp         000058
button_initialize@F3059                       bssCOMRAM    000022
button_read@F3065                             bssCOMRAM    000021
end_of_initialization                         cinit        002F38
gpio_pin_direction_initialize@ptr             cstackBANK1  00010F
gpio_pin_initialize@ptr                       cstackBANK1  000117
gpio_pin_read@ptr                             cstackBANK0  0000CB
gpio_pin_read@ptr1                            cstackBANK0  0000CC
gpio_pin_write@logic                          cstackBANK1  000111
gpio_pin_write@ptr                            cstackBANK1  00010F
i1Interrupt_INTx_Clear_Flag@int_obj           cstackBANK0  0000CB
i1Interrupt_INTx_Disable@int_obj              cstackBANK0  0000CB
i1_Interrupt_INTx_Clear_Flag                  text47       00282E
i1_Interrupt_INTx_Disable                     text46       0027C8
i1_gpio_pin_write                             text43       001A04
i1_lcd_4bit_send_command                      text38       0028F8
i1_lcd_4bit_send_data                         text39       002C58
i1_lcd_4bit_send_string                       text33       002A86
i1_lcd_4bit_send_string_at_position           text32       002EBC
i1_lcd_send_4bits_data_command                text41       00262E
i1_lcd_send_enable_4bit                       text40       002D46
i1_lcd_set_cursor_4bit                        text37       00226C
i1gpio_pin_write@logic                        cstackBANK0  0000CD
i1gpio_pin_write@ptr                          cstackBANK0  0000CB
i1lcd_4bit_send_command@command               cstackBANK0  0000DA
i1lcd_4bit_send_command@lcd                   cstackBANK0  0000D9
i1lcd_4bit_send_data@data                     cstackBANK0  0000DA
i1lcd_4bit_send_data@lcd                      cstackBANK0  0000D9
i1lcd_4bit_send_string@lcd                    cstackBANK0  0000DB
i1lcd_4bit_send_string@str                    cstackBANK0  0000DC
i1lcd_4bit_send_string_at_position@col        cstackBANK0  0000E4
i1lcd_4bit_send_string_at_position@lcd        cstackBANK0  0000E1
i1lcd_4bit_send_string_at_position@row        cstackBANK0  0000E3
i1lcd_4bit_send_string_at_position@str        cstackBANK0  0000E2
i1lcd_send_4bits_data_command@data_command    cstackBANK0  0000D4
i1lcd_send_4bits_data_command@l_counter       cstackBANK0  0000D8
i1lcd_send_4bits_data_command@lcd             cstackBANK0  0000D3
i1lcd_send_enable_4bit@lcd                    cstackBANK0  0000D3
i1lcd_set_cursor_4bit@col                     cstackBANK0  0000DE
i1lcd_set_cursor_4bit@lcd                     cstackBANK0  0000DC
i1lcd_set_cursor_4bit@row                     cstackBANK0  0000DD
i2Interrupt_INTx_Clear_Flag@int_obj           cstackCOMRAM 00002F
i2Interrupt_INTx_DeInit@int_obj               cstackCOMRAM 000032
i2Interrupt_INTx_Disable@int_obj              cstackCOMRAM 00002F
i2_ADC_INTERRUPT_ISR                          text56       003316
i2_INT1_ISR                                   text55       00325E
i2_INT2_ISR                                   text54       003232
i2_Interrupt_INTx_Clear_Flag                  text74       0029C0
i2_Interrupt_INTx_DeInit                      text72       0032F2
i2_Interrupt_INTx_Disable                     text73       00295C
i2_RB4_ISR                                    text53       003146
i2_RB5_ISR                                    text52       003072
i2_RB6_ISR                                    text51       003038
i2_RB7_ISR                                    text50       0031AA
i2_app_isr                                    text58       0013AE
i2_gpio_pin_read                              text71       001D2E
i2_gpio_pin_write                             text70       001ADC
i2_keypad_get_value                           text69       001850
i2_lcd_4bit_send_command                      text65       002BA8
i2_lcd_4bit_send_data                         text66       002D94
i2_lcd_4bit_send_data_at_position             text63       003178
i2_lcd_4bit_send_string                       text62       002B4A
i2_lcd_4bit_send_string_at_position           text61       002F42
i2_lcd_send_4bits_data_command                text68       002AE8
i2_lcd_send_enable_4bit                       text67       002E2E
i2_lcd_set_cursor_4bit                        text64       0023AA
i2_led_turn_off                               text60       00212A
i2_led_turn_on                                text59       002088
i2gpio_pin_read@ptr                           cstackCOMRAM 00002F
i2gpio_pin_read@ptr1                          cstackCOMRAM 000030
i2gpio_pin_write@logic                        cstackCOMRAM 000031
i2gpio_pin_write@ptr                          cstackCOMRAM 00002F
i2keypad_get_value@cols_counter               cstackCOMRAM 00003D
i2keypad_get_value@ptr                        cstackCOMRAM 000037
i2keypad_get_value@rows_counter0              cstackCOMRAM 00003C
i2keypad_get_value@rows_counter1              cstackCOMRAM 00003B
i2keypad_get_value@status                     cstackCOMRAM 00003A
i2keypad_get_value@value                      cstackCOMRAM 000038
i2lcd_4bit_send_command@command               cstackCOMRAM 00003E
i2lcd_4bit_send_command@lcd                   cstackCOMRAM 00003D
i2lcd_4bit_send_data@data                     cstackCOMRAM 00003E
i2lcd_4bit_send_data@lcd                      cstackCOMRAM 00003D
i2lcd_4bit_send_data_at_position@col          cstackCOMRAM 000048
i2lcd_4bit_send_data_at_position@data         cstackCOMRAM 000046
i2lcd_4bit_send_data_at_position@lcd          cstackCOMRAM 000045
i2lcd_4bit_send_data_at_position@row          cstackCOMRAM 000047
i2lcd_4bit_send_string@lcd                    cstackCOMRAM 00003F
i2lcd_4bit_send_string@str                    cstackCOMRAM 000040
i2lcd_4bit_send_string_at_position@col        cstackCOMRAM 000048
i2lcd_4bit_send_string_at_position@lcd        cstackCOMRAM 000045
i2lcd_4bit_send_string_at_position@row        cstackCOMRAM 000047
i2lcd_4bit_send_string_at_position@str        cstackCOMRAM 000046
i2lcd_send_4bits_data_command@data_command    cstackCOMRAM 000038
i2lcd_send_4bits_data_command@l_counter       cstackCOMRAM 00003C
i2lcd_send_4bits_data_command@lcd             cstackCOMRAM 000037
i2lcd_send_enable_4bit@lcd                    cstackCOMRAM 000037
i2lcd_set_cursor_4bit@col                     cstackCOMRAM 000042
i2lcd_set_cursor_4bit@lcd                     cstackCOMRAM 000040
i2lcd_set_cursor_4bit@row                     cstackCOMRAM 000041
i2led_turn_off@led                            cstackCOMRAM 000039
i2led_turn_off@ptr                            cstackCOMRAM 000037
i2led_turn_on@led                             cstackCOMRAM 000039
i2led_turn_on@ptr                             cstackCOMRAM 000037
int$flags                                     temp         000058
int_func                                      intcode_body 0011F8
intlevel0                                     text         000000
intlevel1                                     text         000000
intlevel2                                     text         000000
intlevel3                                     text         000000
isa$std                                       (abs)        000001
isa$xinst                                     (abs)        000000
keypad_get_value@cols_counter                 cstackBANK0  0000D9
keypad_get_value@ptr                          cstackBANK0  0000D3
keypad_get_value@rows_counter0                cstackBANK0  0000D8
keypad_get_value@rows_counter1                cstackBANK0  0000D7
keypad_get_value@status                       cstackBANK0  0000D6
keypad_get_value@value                        cstackBANK0  0000D4
keypad_initialize@cols_counter                cstackBANK1  00011D
keypad_initialize@ptr                         cstackBANK1  00011A
keypad_initialize@rows_counter                cstackBANK1  00011C
lcd_4bit_initialize@l_counter                 cstackBANK1  000122
lcd_4bit_initialize@lcd                       cstackBANK1  000120
lcd_4bit_send_command@command                 cstackBANK1  00011E
lcd_4bit_send_command@lcd                     cstackBANK1  00011D
lcd_4bit_send_data@data                       cstackBANK1  00011E
lcd_4bit_send_data@lcd                        cstackBANK1  00011D
lcd_4bit_send_data_at_position@col            cstackBANK0  0000E4
lcd_4bit_send_data_at_position@data           cstackBANK0  0000E2
lcd_4bit_send_data_at_position@lcd            cstackBANK0  0000E1
lcd_4bit_send_data_at_position@row            cstackBANK0  0000E3
lcd_4bit_send_string@lcd                      cstackBANK1  00011F
lcd_4bit_send_string@str                      cstackBANK1  000120
lcd_4bit_send_string_at_position@col          cstackBANK1  000128
lcd_4bit_send_string_at_position@lcd          cstackBANK1  000125
lcd_4bit_send_string_at_position@row          cstackBANK1  000127
lcd_4bit_send_string_at_position@str          cstackBANK1  000126
lcd_send_4bits_data_command@data_command      cstackBANK1  000118
lcd_send_4bits_data_command@l_counter         cstackBANK1  00011C
lcd_send_4bits_data_command@lcd               cstackBANK1  000117
lcd_send_enable_4bit@lcd                      cstackBANK1  000117
lcd_set_cursor_4bit@col                       cstackBANK1  000122
lcd_set_cursor_4bit@lcd                       cstackBANK1  000120
lcd_set_cursor_4bit@row                       cstackBANK1  000121
led_initialize@F3058                          bssBANK0     0000FE
led_initialize@led                            cstackBANK1  00011C
led_initialize@ptr                            cstackBANK1  00011A
led_toggle@F3073                              bssCOMRAM    000023
led_turn_off@F3068                            bssCOMRAM    000024
led_turn_off@led                              cstackBANK0  0000D5
led_turn_off@ptr                              cstackBANK0  0000D3
led_turn_on@F3063                             bssCOMRAM    000025
led_turn_on@led                               cstackBANK0  0000D5
led_turn_on@ptr                               cstackBANK0  0000D3
motor_initialize@F3061                        bssCOMRAM    00002D
motor_initialize@F3063                        bssCOMRAM    00002C
motor_rotate_left@F3075                       bssCOMRAM    000029
motor_rotate_left@F3077                       bssCOMRAM    000028
motor_rotate_right@F3068                      bssCOMRAM    00002B
motor_rotate_right@F3070                      bssCOMRAM    00002A
motor_stop@F3082                              bssCOMRAM    000027
motor_stop@F3084                              bssCOMRAM    000026
relay_initialize@F3058                        bssCOMRAM    000020
relay_toggle@F3073                            bssCOMRAM    00001D
relay_turn_off@F3068                          bssCOMRAM    00001E
relay_turn_on@F3063                           bssCOMRAM    00001F
seven_segment_activate@F3068                  bssCOMRAM    00001C
seven_segment_activation_pin_initialize@F3080 bssCOMRAM    00001A
seven_segment_deactivate@F3074                bssCOMRAM    00001B
stackhi                                       (abs)        000000
stacklo                                       (abs)        000000
start                                         init         0001C0
start_initialization                          cinit        002F00
ttemp5                                        temp         000059
ttemp6                                        temp         00005C
ttemp7                                        temp         000060
wtemp8                                        temp         000059


MODULE INFORMATION

Module		Function		Class		Link	Load	Size
MCAL_LAYER/ADC/ADC.c
		_ADC_INTERRUPT_ISR		CODE           	3314	0000	2

MCAL_LAYER/ADC/ADC.c estimated size: 2

ECU_LAYER/Keypad/keypad.c
		_keypad_get_value		CODE           	1768	0000	232
		_keypad_initialize		CODE           	2556	0000	112

ECU_LAYER/Keypad/keypad.c estimated size: 344

ECU_LAYER/LED/led.c
		_led_initialize		CODE           	1FE4	0000	164
		_led_turn_on   		CODE           	1E98	0000	166
		_led_turn_off  		CODE           	1F3E	0000	166

ECU_LAYER/LED/led.c estimated size: 496

ECU_LAYER/Character_Lcd/LCD.c
		_lcd_4bit_send_data		CODE           	2C06	0000	82
		_lcd_4bit_send_command		CODE           	2894	0000	100
		_lcd_send_4bits_data_command		CODE           	25C6	0000	104
		_lcd_send_enable_4bit		CODE           	2CF8	0000	78
		_lcd_set_cursor_4bit		CODE           	21CC	0000	160
		_lcd_4bit_send_data_at_position		CODE           	30E0	0000	52
		_lcd_4bit_send_string_at_position		CODE           	2E78	0000	68
		_lcd_4bit_initialize		CODE           	165E	0000	266
		_lcd_4bit_send_string		CODE           	2A24	0000	98

ECU_LAYER/Character_Lcd/LCD.c estimated size: 1008

MCAL_LAYER/Interrupt/Interrupt_ISR.c
		_ISR_LOW       		CODE           	0018	0000	424
		_ISR_HIGH      		CODE           	0008	0000	444

MCAL_LAYER/Interrupt/Interrupt_ISR.c estimated size: 868

shared
		i1_lcd_4bit_send_data		CODE           	2C58	0000	82
		i2_lcd_4bit_send_data		CODE           	2D94	0000	78
		i1_Interrupt_INTx_Disable		CODE           	27C8	0000	102
		i2_RB6_ISR     		CODE           	3038	0000	58
		i2_Interrupt_INTx_Disable		CODE           	295C	0000	100
		i2_INT1_ISR    		CODE           	325E	0000	44
		i2_RB7_ISR     		CODE           	31AA	0000	48
		i1_lcd_set_cursor_4bit		CODE           	226C	0000	160
		i1_lcd_4bit_send_command		CODE           	28F8	0000	100
		i2_lcd_set_cursor_4bit		CODE           	23AA	0000	158
		i2_lcd_4bit_send_command		CODE           	2BA8	0000	94
		i2_Interrupt_INTx_DeInit		CODE           	32F2	0000	18
		i1_gpio_pin_write		CODE           	1A04	0000	216
		__initialization		CODE           	2F00	0000	56
		i2_gpio_pin_write		CODE           	1ADC	0000	210
		i2_INT2_ISR    		CODE           	3232	0000	44
		i1_lcd_4bit_send_string		CODE           	2A86	0000	98
		i1_Interrupt_INTx_Clear_Flag		CODE           	282E	0000	102
		i2_lcd_4bit_send_string		CODE           	2B4A	0000	94
		i2_Interrupt_INTx_Clear_Flag		CODE           	29C0	0000	100
		i2_keypad_get_value		CODE           	1850	0000	220
		i1_lcd_4bit_send_string_at_position		CODE           	2EBC	0000	68
		i2_lcd_4bit_send_string_at_position		CODE           	2F42	0000	66
		i2_app_isr     		CODE           	13AE	0000	402
		i1_lcd_send_enable_4bit		CODE           	2D46	0000	78
		i2_lcd_send_enable_4bit		CODE           	2E2E	0000	74
		i2_RB4_ISR     		CODE           	3146	0000	50
		i2_lcd_4bit_send_data_at_position		CODE           	3178	0000	50
		i2_ADC_INTERRUPT_ISR		CODE           	3316	0000	2
		i2_led_turn_on 		CODE           	2088	0000	162
		i2_gpio_pin_read		CODE           	1D2E	0000	182
		i2_RB5_ISR     		CODE           	3072	0000	58
		i1_lcd_send_4bits_data_command		CODE           	262E	0000	104
		i2_lcd_send_4bits_data_command		CODE           	2AE8	0000	98
		i2_led_turn_off		CODE           	212A	0000	162

shared estimated size: 3738

MCAL_LAYER/GPIO/gpio.c
		_gpio_pin_write		CODE           	192C	0000	216
		_gpio_pin_direction_initialize		CODE           	1540	0000	286
		_gpio_pin_read 		CODE           	1C74	0000	186
		_gpio_pin_initialize		CODE           	24D2	0000	132

MCAL_LAYER/GPIO/gpio.c estimated size: 820

ECU_LAYER/ECU_layer_initialisation.c
		_ECU_layer_initialize		CODE           	32B6	0000	42

ECU_LAYER/ECU_layer_initialisation.c estimated size: 42

application.c
		_application_initialize		CODE           	3304	0000	16
		_main          		CODE           	2CAA	0000	78
		_app_isr       		CODE           	103E	0000	442

application.c estimated size: 536

MCAL_LAYER/Interrupt/Interrupt_external.c
		_Interrupt_INTx_Handler_Set		CODE           	2448	0000	138
		_Interrupt_INTx_Clear_Flag		CODE           	2762	0000	102
		_Interrupt_INTx_Enable		CODE           	2696	0000	102
		_RB4_ISR       		CODE           	30AC	0000	52
		_RB5_ISR       		CODE           	2FFC	0000	60
		_RB6_ISR       		CODE           	2FC0	0000	60
		_RB7_ISR       		CODE           	3114	0000	50
		_Interrupt_INTx_Priority_Set		CODE           	1DE4	0000	180
		_Interrupt_INTx_DeInit		CODE           	32E0	0000	18
		_Interrupt_INTx_Init		CODE           	2F84	0000	60
		_Interrupt_INTx_Disable		CODE           	26FC	0000	102
		_Interrupt_INTx_Pin_Configure		CODE           	230C	0000	158
		_Interrupt_INTx_Edge_Set		CODE           	1BAE	0000	198
		_INT0_ISR      		CODE           	328A	0000	44
		_INT1_ISR      		CODE           	3206	0000	44
		_INT2_ISR      		CODE           	31DA	0000	44

MCAL_LAYER/Interrupt/Interrupt_external.c estimated size: 1412

